// Jest Snapshot v1, https://goo.gl/fbAQLP

exports[`CardsContainer renders correctly 1`] = `
<styled.div>
  <MyCodeLoader />
</styled.div>
`;
