// Jest Snapshot v1, https://goo.gl/fbAQLP

exports[`Header renders correctly 1`] = `
<styled.div>
  <img
    alt="JGlogo"
    src="https://www.jg-cdn.com/chrome/3e7a4dc9d866fda15331414a9072da97.svg"
  />
</styled.div>
`;
