// Jest Snapshot v1, https://goo.gl/fbAQLP

exports[`Landing renders correctly 1`] = `
<styled.div>
  <styled.div>
    <Connect(CardsContainer) />
  </styled.div>
</styled.div>
`;
